#E[1]
ERROR: [object Object]
ERROR STACK: ABC

#E[2]
ERROR: [object Object]
ERROR STACK: ABC

#E[3]
ERROR: [object Object]
ERROR STACK: ABC

#E[4]
ERROR: [object Object]
ERROR STACK: ABC

